../Core/Inc/Cli.h:8:10:Cli::~Cli()	16	static
../Core/Inc/Cli.h:8:10:virtual Cli::~Cli()	16	static
../Core/Inc/Cli.h:4:7:constexpr Cli::Cli()	16	static
../Core/Src/Cli.cpp:14:2:ledOn::ledOn(LED*)	16	static
../Core/Src/Cli.cpp:17:7:virtual void ledOn::doCommand(const char*)	16	static
../Core/Src/Cli.cpp:26:2:ledOff::ledOff(LED*)	16	static
../Core/Src/Cli.cpp:29:7:virtual void ledOff::doCommand(const char*)	16	static
../Core/Src/Cli.cpp:38:2:ledBlink::ledBlink(LED*)	16	static
../Core/Src/Cli.cpp:41:7:virtual void ledBlink::doCommand(const char*)	16	static
../Core/Src/Cli.cpp:50:2:ledSetDelay::ledSetDelay(LED*)	16	static
../Core/Src/Cli.cpp:53:7:virtual void ledSetDelay::doCommand(const char*)	24	static
../Core/Src/Cli.cpp:60:6:void initCLI()	16	static
../Core/Src/Cli.cpp:46:7:ledSetDelay::~ledSetDelay()	16	static
../Core/Src/Cli.cpp:46:7:virtual ledSetDelay::~ledSetDelay()	16	static
../Core/Src/Cli.cpp:34:7:ledBlink::~ledBlink()	16	static
../Core/Src/Cli.cpp:34:7:virtual ledBlink::~ledBlink()	16	static
../Core/Src/Cli.cpp:22:7:ledOff::~ledOff()	16	static
../Core/Src/Cli.cpp:22:7:virtual ledOff::~ledOff()	16	static
../Core/Src/Cli.cpp:10:7:ledOn::~ledOn()	16	static
../Core/Src/Cli.cpp:10:7:virtual ledOn::~ledOn()	16	static
